SystemName     MOS2 molecule                                                                   
SystemLabel     mos2                                                                            
SpinPolarized              F     # default value
NonCollinearSpin              F     # default value
SpinOrbit              F     # default value
#:block? SpinPolarized              F
#:defined? SpinPolarized              F
#:block? NonCollinearSpin              F
#:defined? NonCollinearSpin              F
#:block? SpinOrbit              F
#:defined? SpinOrbit              F
Spin     none                                 # default value
TimeReversalSymmetry              T     # default value
DebugObjects.Node         0     # default value
DebugObjects              F     # default value
XML.Write              F     # default value
timer_report_threshold          0.000000000         # default value
UseParallelTimer              T     # default value
UseTreeTimer              F     # default value
timing-split-scf-steps              F     # default value
use-walltime              F     # default value
timer-use-inbalance              F     # default value
alloc_report_level         0     # default value
alloc_report_threshold          0.000000000         # default value
xc.functional     GGA                                                                             
xc.authors     PBE                                                                             
#:block? XC.hybrid              F
#:defined? XC.hybrid              F
#:block? XC.cocktail              F
#:defined? XC.cocktail              F
MM.Cutoff          30.00000000     Bohr     # default value
MM.UnitsEnergy     eV     # default value
MM.UnitsDistance     Ang     # default value
Atom.Debug              F     # default value
WriteIonPlotFiles              F     # default value
Atom.Debug.KB.Generation              F     # default value
KB.New.Reference.Orbitals              F     # default value
user-basis              F     # default value
user-basis-netcdf              F     # default value
#:block? DFTU.proj              F
#:defined? DFTU.proj              F
#:block? LDAU.proj              F
#:defined? LDAU.proj              F
Number_of_species              2
%block Chemical_species_label
  1  42 Mo
  2  16 S
%endblock Chemical_species_label
ReparametrizePseudos              T     # default value
NewAParameter         0.1000000000E-02     # default value
NewBParameter         0.1000000000E-01     # default value
NewGridRmax          0.000000000         # default value
Restricted.Radial.Grid              T     # default value
Rmax.Radial.Grid          50.00000000         # default value
PAO.BasisSize     standard            # default value
PAO.BasisType     split          # default value
PAO.SoftDefault              T     # default value
PAO.SoftInnerRadius         0.9000000000         # default value
PAO.SoftPotential          40.00000000         # default value
PAO.SplitNorm         0.1500000000         # default value
PAO.SplitNormH         -1.000000000         # default value
PAO.Polarization.NonPerturbative              F     # default value
PAO.NonPerturbative.Polarization.Orbitals              F     # default value
PAO.Polarization.NonPerturbative.Fallback              T     # default value
%block PAO.Basis
 Mo  7    # Species label, number of l-shells
  n=4   0   1        # n, l, Nzeta
        4.000
        1.000
  n=5   0   2        # n, l, Nzeta
        6.800   6.700
        1.000   1.000
  n=4   1   1        # n, l, Nzeta
        5.9
        1.000
  n=5   1   1        # n, l, Nzeta
        7.900
        1.000
  n=4   2   2         # n, l, Nzeta
        7.950   6.250
        1.000   1.000
  n=6   0   1  #diffuse s
        10.000
        1.000
  n=6   1   1  #diffuse p
        10.000
        1.000
 S      4         # Species label, number of l-shells
  n=3   0   2                         # n, l, Nzeta
        7.850    5.250
        1.000    1.000
  n=3   1   2 P   1                   # n, l, Nzeta, Polarization, NzetaPol
        6.900    6.300
        1.000    1.000
  n=4   0   1  #diffuse s
        10.000
        1.000
  n=4   1   1  #diffuse p
        10.000
        1.000
%endblock PAO.Basis
LDAU.ProjectorGenerationMethod         2     # default value
DFTU.ProjectorGenerationMethod         2     # default value
LDAU.EnergyShift         0.5000000000E-01 Ry     # default value
DFTU.EnergyShift         0.5000000000E-01 Ry     # default value
LDAU.CutoffNorm         0.9000000000         # default value
DFTU.CutoffNorm         0.9000000000         # default value
PAO.SoftDefault              T     # default value
PAO.SoftInnerRadius         0.9000000000         # default value
PAO.SoftPotential          40.00000000         # default value
LDAU.ThresholdTol         0.1000000000E-01     # default value
DFTU.ThresholdTol         0.1000000000E-01     # default value
LDAU.PopTol         0.1000000000E-02     # default value
DFTU.PopTol         0.1000000000E-02     # default value
LDAU.PotentialShift              F     # default value
DFTU.PotentialShift              F     # default value
LDAU.FirstIteration              F     # default value
DFTU.FirstIteration              F     # default value
FilterCutoff          0.000000000     Ry     # default value
FilterTol          0.000000000     Ry     # default value
PAO.SplitValence.Legacy              F     # default value
PAO.SplitTailNorm              T     # default value
spin-orbit-strength          1.000000000         # default value
Use.PSML.KB.Projectors              T     # default value
Use.PSML.Vlocal              T     # default value
PSML.KB.Projectors              T     # default value
PSML.Vlocal              T     # default value
psml.chlocal.build.r0         0.4000000000E-02     # default value
psml.chlocal.build.delta         0.5000000000E-02     # default value
psml.chlocal.build.poly_order_rlin         4     # default value
chlocal-use-charge-cutoff-for-vlocal-fit              F     # default value
psml.chlocal.build.rr1         0.1000000000E-02     # default value
psml.chlocal.build.exp_al          1.012000000         # default value
psml.chlocal.build.poly_order_rofi         7     # default value
PAO.EnergyShift         0.1000000000E-01 Ry     # default value
PAO.Filter              F     # default value
PAO.Filter              F     # default value
PAO.Filter              F     # default value
PAO.Filter              F     # default value
PAO.Filter              F     # default value
PAO.Filter              F     # default value
PAO.Filter              F     # default value
PAO.Filter              F     # default value
PAO.Filter              F     # default value
PAO.OldStylePolorbs              F     # default value
Vna.Filter              F     # default value
PCC.Filter              F     # default value
FilterCutoff          0.000000000     Ry     # default value
FilterTol          0.000000000     Ry     # default value
PAO.SplitValence.Legacy              F     # default value
PAO.SplitTailNorm              T     # default value
spin-orbit-strength          1.000000000         # default value
Use.PSML.KB.Projectors              T     # default value
Use.PSML.Vlocal              T     # default value
PSML.KB.Projectors              T     # default value
PSML.Vlocal              T     # default value
psml.chlocal.build.r0         0.4000000000E-02     # default value
psml.chlocal.build.delta         0.5000000000E-02     # default value
psml.chlocal.build.poly_order_rlin         4     # default value
chlocal-use-charge-cutoff-for-vlocal-fit              F     # default value
psml.chlocal.build.rr1         0.1000000000E-02     # default value
psml.chlocal.build.exp_al          1.012000000         # default value
psml.chlocal.build.poly_order_rofi         7     # default value
PAO.EnergyShift         0.1000000000E-01 Ry     # default value
PAO.Filter              F     # default value
PAO.Filter              F     # default value
PAO.Filter              F     # default value
PAO.Filter              F     # default value
PAO.Filter              F     # default value
PAO.Filter              F     # default value
PAO.OldStylePolorbs              F     # default value
PAO.Filter              F     # default value
Vna.Filter              F     # default value
PCC.Filter              F     # default value
PAO.BasisType     split          # default value
Debug.Elec.Corr              F     # default value
Atom-Setup-Only              F     # default value
UseStructFile              F     # default value
MD.UseStructFile              F     # default value
#:block? LatticeParameters              F
%block LatticeVectors
LatticeConstant          1.889726125           Bohr
# above item originally: LatticeConstant          1.000000000     Ang       
   3.160 0.000  0.000
  -1.580 2.738  0.000
   0.000 0.000 12.295
%endblock LatticeVectors
AtomicCoordinatesFormat     Ang                                                                             
NumberOfAtoms              3
#:block? AtomicCoordinatesOrigin              F
#:defined? AtomicCoordinatesOrigin              F
ZM.UnitsLength     Bohr           # default value
ZM.UnitsAngle     rad            # default value
ZM.ForceTolLength         0.1555740000E-02 Ry/Bohr     # default value
ZM.ForceTolAngle         0.3565490000E-02 Ry/rad     # default value
ZM.MaxDisplLength         0.2000000000     Bohr     # default value
ZM.MaxDisplAngle         0.3000000000E-02 rad     # default value
ZM.CalcAllForces              F     # default value
%block AtomicCoordinatesAndAtomicSpecies
   0.000      0.000      3.295   1
   1.593      0.920      1.743   2
   1.593      0.920      4.849   2
%endblock AtomicCoordinatesAndAtomicSpecies
UseSaveData              F     # default value
MD.UseSaveXV              F     # default value
MD.UseSaveZM              F     # default value
WriteCoorInitial              T     # default value
MD.TypeOfRun     CG                                                                              
MD.TypeOfRun     CG                                                                              
MD.TypeOfRun     CG                                                                              
MaxBondDistance          6.000000000     Bohr     # default value
Output-Structure-Only              F     # default value
WriteCoorXmol              F     # default value
#:physical? MaxWalltime              F
MaxWalltime         0.1797693135+309     # default value
#:physical? MaxWalltime.Slack              F
MaxWalltime.Slack          5.000000000         # default value
HSetupOnly              F     # default value
LongOutput              F     # default value
WriteDenchar              F     # default value
WriteOrbMom              F     # default value
MullikenInSCF              F     # default value
#:block? MullikenInSCF              F
#:defined? MullikenInSCF              F
SpinInSCF              F     # default value
#:block? SpinInSCF              F
#:defined? SpinInSCF              F
PartialChargesAtEveryGeometry              F     # default value
#:block? PartialChargesAtEveryGeometry              F
#:defined? PartialChargesAtEveryGeometry              F
PartialChargesAtEveryScfStep              F     # default value
#:block? PartialChargesAtEveryScfStep              F
#:defined? PartialChargesAtEveryScfStep              F
WriteMullikenPop         0     # default value
#:block? WriteMullikenPop              F
#:defined? WriteMullikenPop              F
#:block? WriteMullikenPop              F
#:defined? WriteMullikenPop              F
#:block? Charge.Mulliken              F
#:defined? Charge.Mulliken              F
Charge.Mulliken          # default value
Charge.Mulliken.Format         0     # default value
WriteHirshfeldPop              F     # default value
#:block? WriteHirshfeldPop              F
#:defined? WriteHirshfeldPop              F
#:block? Charge.Hirshfeld              F
#:defined? Charge.Hirshfeld              F
WriteVoronoiPop              F     # default value
#:block? WriteVoronoiPop              F
#:defined? WriteVoronoiPop              F
#:block? Charge.Voronoi              F
#:defined? Charge.Voronoi              F
#:block? Charge.Spin              F
#:defined? Charge.Spin              F
MeshCutoff          300.0000000             Ry
# above item originally: MeshCutoff          300.0000000     Ry        
NetCharge          0.000000000         # default value
MinSCFIterations         0     # default value
MaxSCFIterations            300
SCF.MustConverge              T     # default value
#:block? TS.MixH              F
#:defined? TS.MixH              F
#:block? MixHamiltonian              F
#:defined? MixHamiltonian              F
#:block? MixCharge              F
#:defined? MixCharge              F
TS.MixH              T     # default value
MixHamiltonian              T     # default value
MixCharge              F     # default value
SCF.Mix     Hamiltonian     # default value
Compat-pre-v4-DM-H              F     # default value
SCF.MixAfterConvergence              F     # default value
SCF.Recompute-H-After-Scf              F     # default value
DM.NumberPulay              8
DM.NumberBroyden         0     # default value
DM.FIRE.Mixing              F     # default value
DM.MixSCF1              T     # default value
SCF.Mix.First              T     # default value
SCF.Mix.First.Force              F     # default value
DM.PulayOnFile              F     # default value
